

================================================================
== Vitis HLS Report for 'divide_Pipeline_COMPARE'
================================================================
* Date:           Thu Dec 19 08:56:06 2024

* Version:        2021.2 (Build 3367213 on Tue Oct 19 02:48:09 MDT 2021)
* Project:        rsa.prj
* Solution:       solution1 (Vivado IP Flow Target)
* Product family: zynq
* Target device:  xc7z020-clg484-1


================================================================
== Performance Estimates
================================================================
+ Timing: 
    * Summary: 
    +--------+---------+----------+------------+
    |  Clock |  Target | Estimated| Uncertainty|
    +--------+---------+----------+------------+
    |ap_clk  |  8.50 ns|  5.124 ns|     2.30 ns|
    +--------+---------+----------+------------+

+ Latency: 
    * Summary: 
    +---------+---------+----------+----------+-----+-----+---------+
    |  Latency (cycles) |  Latency (absolute) |  Interval | Pipeline|
    |   min   |   max   |    min   |    max   | min | max |   Type  |
    +---------+---------+----------+----------+-----+-----+---------+
    |       13|      104|  0.111 us|  0.884 us|   13|  104|       no|
    +---------+---------+----------+----------+-----+-----+---------+

    + Detail: 
        * Instance: 
        N/A

        * Loop: 
        +-----------+---------+---------+----------+-----------+-----------+--------+----------+
        |           |  Latency (cycles) | Iteration|  Initiation Interval  |  Trip  |          |
        | Loop Name |   min   |   max   |  Latency |  achieved |   target  |  Count | Pipelined|
        +-----------+---------+---------+----------+-----------+-----------+--------+----------+
        |- COMPARE  |       11|      101|         6|          6|          1|  1 ~ 16|       yes|
        +-----------+---------+---------+----------+-----------+-----------+--------+----------+



================================================================
== Utilization Estimates
================================================================
* Summary: 
+-----------------+---------+-----+--------+-------+-----+
|       Name      | BRAM_18K| DSP |   FF   |  LUT  | URAM|
+-----------------+---------+-----+--------+-------+-----+
|DSP              |        -|    -|       -|      -|    -|
|Expression       |        -|    -|       0|    176|    -|
|FIFO             |        -|    -|       -|      -|    -|
|Instance         |        -|    -|       -|      -|    -|
|Memory           |        -|    -|       -|      -|    -|
|Multiplexer      |        -|    -|       -|    210|    -|
|Register         |        -|    -|     322|      -|    -|
+-----------------+---------+-----+--------+-------+-----+
|Total            |        0|    0|     322|    386|    0|
+-----------------+---------+-----+--------+-------+-----+
|Available        |      280|  220|  106400|  53200|    0|
+-----------------+---------+-----+--------+-------+-----+
|Utilization (%)  |        0|    0|      ~0|     ~0|    0|
+-----------------+---------+-----+--------+-------+-----+

+ Detail: 
    * Instance: 
    N/A

    * DSP: 
    N/A

    * Memory: 
    N/A

    * FIFO: 
    N/A

    * Expression: 
    +--------------------------+----------+----+---+----+------------+------------+
    |       Variable Name      | Operation| DSP| FF| LUT| Bitwidth P0| Bitwidth P1|
    +--------------------------+----------+----+---+----+------------+------------+
    |add_ln167_1_fu_326_p2     |         +|   0|  0|  15|           8|           8|
    |add_ln167_fu_255_p2       |         +|   0|  0|  15|           8|           8|
    |add_ln170_fu_306_p2       |         +|   0|  0|  14|           6|           2|
    |i_fu_356_p2               |         +|   0|  0|  14|           7|           3|
    |y_3_fu_362_p2             |         +|   0|  0|  14|           6|           2|
    |ap_condition_133          |       and|   0|  0|   2|           1|           1|
    |icmp_ln1068_92_fu_351_p2  |      icmp|   0|  0|  29|          64|          64|
    |icmp_ln1068_fu_300_p2     |      icmp|   0|  0|  29|          64|          64|
    |icmp_ln167_1_fu_320_p2    |      icmp|   0|  0|  10|           7|           1|
    |icmp_ln167_fu_249_p2      |      icmp|   0|  0|  10|           7|           1|
    |icmp_ln66_2_fu_294_p2     |      icmp|   0|  0|   8|           2|           1|
    |icmp_ln66_3_fu_341_p2     |      icmp|   0|  0|   8|           3|           1|
    |icmp_ln66_fu_275_p2       |      icmp|   0|  0|   8|           3|           1|
    +--------------------------+----------+----+---+----+------------+------------+
    |Total                     |          |   0|  0| 176|         186|         157|
    +--------------------------+----------+----+---+----+------------+------------+

    * Multiplexer: 
    +-----------------------------------------+----+-----------+-----+-----------+
    |                   Name                  | LUT| Input Size| Bits| Total Bits|
    +-----------------------------------------+----+-----------+-----+-----------+
    |UnifiedRetVal_reg_179                    |  25|          5|    3|         15|
    |ap_NS_fsm                                |  65|         13|    1|         13|
    |ap_phi_mux_UnifiedRetVal_phi_fu_186_p10  |   9|          2|    3|          6|
    |ap_phi_mux_ref_tmp44_0_phi_fu_161_p4     |   9|          2|   64|        128|
    |ap_return                                |   9|          2|    3|          6|
    |i_4_fu_80                                |   9|          2|    7|         14|
    |i_4_out                                  |  20|          4|    7|         28|
    |r_address0                               |  14|          3|    5|         15|
    |ref_tmp44_0_reg_158                      |   9|          2|   64|        128|
    |tmp_0_1_reg_168                          |   9|          2|   64|        128|
    |tmp_0_reg_147                            |   9|          2|   64|        128|
    |w_digits_data_V_address0                 |  14|          3|    5|         15|
    |y_fu_76                                  |   9|          2|    6|         12|
    +-----------------------------------------+----+-----------+-----+-----------+
    |Total                                    | 210|         44|  296|        636|
    +-----------------------------------------+----+-----------+-----+-----------+

    * Register: 
    +--------------------------------+----+----+-----+-----------+
    |              Name              | FF | LUT| Bits| Const Bits|
    +--------------------------------+----+----+-----+-----------+
    |UnifiedRetVal_reg_179           |   3|   0|    3|          0|
    |add_ln167_1_reg_452             |   8|   0|    8|          0|
    |ap_CS_fsm                       |  12|   0|   12|          0|
    |ap_return_preg                  |   3|   0|    3|          0|
    |empty_45_reg_407                |   6|   0|    6|          0|
    |i_4_fu_80                       |   7|   0|    7|          0|
    |icmp_ln1068_reg_444             |   1|   0|    1|          0|
    |icmp_ln167_1_reg_448            |   1|   0|    1|          0|
    |icmp_ln167_reg_412              |   1|   0|    1|          0|
    |icmp_ln66_2_reg_425             |   1|   0|    1|          0|
    |icmp_ln66_3_reg_457             |   1|   0|    1|          0|
    |icmp_ln66_reg_416               |   1|   0|    1|          0|
    |ref_tmp44_0_reg_158             |  64|   0|   64|          0|
    |sext_ln143_cast_reg_392         |   8|   0|    8|          0|
    |tmp_0_1_reg_168                 |  64|   0|   64|          0|
    |tmp_0_reg_147                   |  64|   0|   64|          0|
    |tmp_reg_403                     |   1|   0|    1|          0|
    |w_digits_data_V_load_1_reg_471  |  64|   0|   64|          0|
    |y_2_reg_398                     |   6|   0|    6|          0|
    |y_fu_76                         |   6|   0|    6|          0|
    +--------------------------------+----+----+-----+-----------+
    |Total                           | 322|   0|  322|          0|
    +--------------------------------+----+----+-----+-----------+



================================================================
== Interface
================================================================
* Summary: 
+--------------------------+-----+-----+------------+-------------------------+--------------+
|         RTL Ports        | Dir | Bits|  Protocol  |      Source Object      |    C Type    |
+--------------------------+-----+-----+------------+-------------------------+--------------+
|ap_clk                    |   in|    1|  ap_ctrl_hs|  divide_Pipeline_COMPARE|  return value|
|ap_rst                    |   in|    1|  ap_ctrl_hs|  divide_Pipeline_COMPARE|  return value|
|ap_start                  |   in|    1|  ap_ctrl_hs|  divide_Pipeline_COMPARE|  return value|
|ap_done                   |  out|    1|  ap_ctrl_hs|  divide_Pipeline_COMPARE|  return value|
|ap_idle                   |  out|    1|  ap_ctrl_hs|  divide_Pipeline_COMPARE|  return value|
|ap_ready                  |  out|    1|  ap_ctrl_hs|  divide_Pipeline_COMPARE|  return value|
|ap_return                 |  out|    3|  ap_ctrl_hs|  divide_Pipeline_COMPARE|  return value|
|zext_ln110                |   in|    6|     ap_none|               zext_ln110|        scalar|
|w_digits_data_V_address0  |  out|    5|   ap_memory|          w_digits_data_V|         array|
|w_digits_data_V_ce0       |  out|    1|   ap_memory|          w_digits_data_V|         array|
|w_digits_data_V_q0        |   in|   64|   ap_memory|          w_digits_data_V|         array|
|sext_ln143                |   in|    7|     ap_none|               sext_ln143|        scalar|
|r_address0                |  out|    5|   ap_memory|                        r|         array|
|r_ce0                     |  out|    1|   ap_memory|                        r|         array|
|r_q0                      |   in|   64|   ap_memory|                        r|         array|
|i_4_out                   |  out|    7|      ap_vld|                  i_4_out|       pointer|
|i_4_out_ap_vld            |  out|    1|      ap_vld|                  i_4_out|       pointer|
+--------------------------+-----+-----+------------+-------------------------+--------------+

