

================================================================
== Vitis HLS Report for 'operator_lt'
================================================================
* Date:           Thu Dec 19 08:56:11 2024

* Version:        2021.2 (Build 3367213 on Tue Oct 19 02:48:09 MDT 2021)
* Project:        rsa.prj
* Solution:       solution1 (Vivado IP Flow Target)
* Product family: zynq
* Target device:  xc7z020-clg484-1


================================================================
== Performance Estimates
================================================================
+ Timing: 
    * Summary: 
    +--------+---------+----------+------------+
    |  Clock |  Target | Estimated| Uncertainty|
    +--------+---------+----------+------------+
    |ap_clk  |  8.50 ns|  6.030 ns|     2.30 ns|
    +--------+---------+----------+------------+

+ Latency: 
    * Summary: 
    +---------+---------+-----------+----------+-----+-----+---------+
    |  Latency (cycles) |  Latency (absolute)  |  Interval | Pipeline|
    |   min   |   max   |    min    |    max   | min | max |   Type  |
    +---------+---------+-----------+----------+-----+-----+---------+
    |        6|      163|  51.000 ns|  1.385 us|    6|  163|       no|
    +---------+---------+-----------+----------+-----+-----+---------+

    + Detail: 
        * Instance: 
        N/A

        * Loop: 
        N/A



================================================================
== Utilization Estimates
================================================================
* Summary: 
+-----------------+---------+-----+--------+-------+-----+
|       Name      | BRAM_18K| DSP |   FF   |  LUT  | URAM|
+-----------------+---------+-----+--------+-------+-----+
|DSP              |        -|    -|       -|      -|    -|
|Expression       |        -|    -|       0|   2094|    -|
|FIFO             |        -|    -|       -|      -|    -|
|Instance         |        -|    -|       -|      -|    -|
|Memory           |        -|    -|       -|      -|    -|
|Multiplexer      |        -|    -|       -|   1932|    -|
|Register         |        -|    -|     419|      -|    -|
+-----------------+---------+-----+--------+-------+-----+
|Total            |        0|    0|     419|   4026|    0|
+-----------------+---------+-----+--------+-------+-----+
|Available        |      280|  220|  106400|  53200|    0|
+-----------------+---------+-----+--------+-------+-----+
|Utilization (%)  |        0|    0|      ~0|      7|    0|
+-----------------+---------+-----+--------+-------+-----+

+ Detail: 
    * Instance: 
    N/A

    * DSP: 
    N/A

    * Memory: 
    N/A

    * FIFO: 
    N/A

    * Expression: 
    +---------------------------+----------+----+---+----+------------+------------+
    |       Variable Name       | Operation| DSP| FF| LUT| Bitwidth P0| Bitwidth P1|
    +---------------------------+----------+----+---+----+------------+------------+
    |add_ln257_fu_2878_p2       |         +|   0|  0|  14|           6|           6|
    |add_ln258_10_fu_2263_p2    |         +|   0|  0|  13|           5|           5|
    |add_ln258_11_fu_2296_p2    |         +|   0|  0|  13|           5|           5|
    |add_ln258_12_fu_2329_p2    |         +|   0|  0|  13|           5|           5|
    |add_ln258_13_fu_2362_p2    |         +|   0|  0|  13|           5|           5|
    |add_ln258_15_fu_2455_p2    |         +|   0|  0|  13|           5|           4|
    |add_ln258_16_fu_2488_p2    |         +|   0|  0|  13|           5|           4|
    |add_ln258_17_fu_2521_p2    |         +|   0|  0|  13|           5|           4|
    |add_ln258_18_fu_2554_p2    |         +|   0|  0|  13|           5|           4|
    |add_ln258_19_fu_2587_p2    |         +|   0|  0|  13|           5|           4|
    |add_ln258_1_fu_1966_p2     |         +|   0|  0|  13|           5|           3|
    |add_ln258_20_fu_2620_p2    |         +|   0|  0|  13|           5|           4|
    |add_ln258_21_fu_2653_p2    |         +|   0|  0|  13|           5|           4|
    |add_ln258_22_fu_2686_p2    |         +|   0|  0|  13|           5|           3|
    |add_ln258_23_fu_2719_p2    |         +|   0|  0|  13|           5|           3|
    |add_ln258_24_fu_2752_p2    |         +|   0|  0|  13|           5|           3|
    |add_ln258_25_fu_2785_p2    |         +|   0|  0|  13|           5|           3|
    |add_ln258_26_fu_2818_p2    |         +|   0|  0|  13|           5|           2|
    |add_ln258_27_fu_2851_p2    |         +|   0|  0|  13|           5|           2|
    |add_ln258_28_fu_2906_p2    |         +|   0|  0|  13|           5|           1|
    |add_ln258_2_fu_1999_p2     |         +|   0|  0|  13|           5|           4|
    |add_ln258_3_fu_2032_p2     |         +|   0|  0|  13|           5|           4|
    |add_ln258_4_fu_2065_p2     |         +|   0|  0|  13|           5|           4|
    |add_ln258_5_fu_2098_p2     |         +|   0|  0|  13|           5|           4|
    |add_ln258_6_fu_2131_p2     |         +|   0|  0|  13|           5|           5|
    |add_ln258_7_fu_2164_p2     |         +|   0|  0|  13|           5|           5|
    |add_ln258_8_fu_2197_p2     |         +|   0|  0|  13|           5|           5|
    |add_ln258_9_fu_2230_p2     |         +|   0|  0|  13|           5|           5|
    |add_ln258_fu_1933_p2       |         +|   0|  0|  13|           5|           3|
    |n_10_fu_2191_p2            |         +|   0|  0|  14|           6|           5|
    |n_11_fu_2224_p2            |         +|   0|  0|  14|           6|           5|
    |n_12_fu_2257_p2            |         +|   0|  0|  14|           6|           5|
    |n_13_fu_2290_p2            |         +|   0|  0|  14|           6|           5|
    |n_14_fu_2323_p2            |         +|   0|  0|  14|           6|           5|
    |n_15_fu_2356_p2            |         +|   0|  0|  14|           6|           5|
    |n_16_fu_2389_p2            |         +|   0|  0|  14|           6|           6|
    |n_17_fu_2422_p2            |         +|   0|  0|  13|           5|           4|
    |n_18_fu_2449_p2            |         +|   0|  0|  14|           6|           6|
    |n_19_fu_2482_p2            |         +|   0|  0|  14|           6|           6|
    |n_1_fu_1906_p2             |         +|   0|  0|  13|           5|           2|
    |n_20_fu_2515_p2            |         +|   0|  0|  14|           6|           6|
    |n_21_fu_2548_p2            |         +|   0|  0|  14|           6|           6|
    |n_22_fu_2581_p2            |         +|   0|  0|  14|           6|           6|
    |n_23_fu_2614_p2            |         +|   0|  0|  14|           6|           6|
    |n_24_fu_2647_p2            |         +|   0|  0|  14|           6|           6|
    |n_25_fu_2680_p2            |         +|   0|  0|  14|           6|           6|
    |n_26_fu_2713_p2            |         +|   0|  0|  14|           6|           6|
    |n_27_fu_2746_p2            |         +|   0|  0|  14|           6|           6|
    |n_28_fu_2779_p2            |         +|   0|  0|  14|           6|           6|
    |n_29_fu_2812_p2            |         +|   0|  0|  14|           6|           6|
    |n_2_fu_1927_p2             |         +|   0|  0|  14|           6|           3|
    |n_30_fu_2845_p2            |         +|   0|  0|  14|           6|           6|
    |n_3_fu_1960_p2             |         +|   0|  0|  14|           6|           3|
    |n_4_fu_1993_p2             |         +|   0|  0|  14|           6|           4|
    |n_5_fu_2026_p2             |         +|   0|  0|  14|           6|           4|
    |n_6_fu_2059_p2             |         +|   0|  0|  14|           6|           4|
    |n_7_fu_2092_p2             |         +|   0|  0|  14|           6|           4|
    |n_8_fu_2125_p2             |         +|   0|  0|  14|           6|           5|
    |n_9_fu_2158_p2             |         +|   0|  0|  14|           6|           5|
    |grp_fu_1873_p2             |      icmp|   0|  0|  29|          64|           1|
    |icmp_ln1068_31_fu_1922_p2  |      icmp|   0|  0|  29|          64|          64|
    |icmp_ln1068_32_fu_1954_p2  |      icmp|   0|  0|  29|          64|          64|
    |icmp_ln1068_33_fu_1987_p2  |      icmp|   0|  0|  29|          64|          64|
    |icmp_ln1068_34_fu_2020_p2  |      icmp|   0|  0|  29|          64|          64|
    |icmp_ln1068_35_fu_2053_p2  |      icmp|   0|  0|  29|          64|          64|
    |icmp_ln1068_36_fu_2086_p2  |      icmp|   0|  0|  29|          64|          64|
    |icmp_ln1068_37_fu_2119_p2  |      icmp|   0|  0|  29|          64|          64|
    |icmp_ln1068_38_fu_2152_p2  |      icmp|   0|  0|  29|          64|          64|
    |icmp_ln1068_39_fu_2185_p2  |      icmp|   0|  0|  29|          64|          64|
    |icmp_ln1068_40_fu_2218_p2  |      icmp|   0|  0|  29|          64|          64|
    |icmp_ln1068_41_fu_2251_p2  |      icmp|   0|  0|  29|          64|          64|
    |icmp_ln1068_42_fu_2284_p2  |      icmp|   0|  0|  29|          64|          64|
    |icmp_ln1068_43_fu_2317_p2  |      icmp|   0|  0|  29|          64|          64|
    |icmp_ln1068_44_fu_2350_p2  |      icmp|   0|  0|  29|          64|          64|
    |icmp_ln1068_45_fu_2383_p2  |      icmp|   0|  0|  29|          64|          64|
    |icmp_ln1068_46_fu_2416_p2  |      icmp|   0|  0|  29|          64|          64|
    |icmp_ln1068_47_fu_2443_p2  |      icmp|   0|  0|  29|          64|          64|
    |icmp_ln1068_48_fu_2476_p2  |      icmp|   0|  0|  29|          64|          64|
    |icmp_ln1068_49_fu_2509_p2  |      icmp|   0|  0|  29|          64|          64|
    |icmp_ln1068_50_fu_2542_p2  |      icmp|   0|  0|  29|          64|          64|
    |icmp_ln1068_51_fu_2575_p2  |      icmp|   0|  0|  29|          64|          64|
    |icmp_ln1068_52_fu_2608_p2  |      icmp|   0|  0|  29|          64|          64|
    |icmp_ln1068_53_fu_2641_p2  |      icmp|   0|  0|  29|          64|          64|
    |icmp_ln1068_54_fu_2674_p2  |      icmp|   0|  0|  29|          64|          64|
    |icmp_ln1068_55_fu_2707_p2  |      icmp|   0|  0|  29|          64|          64|
    |icmp_ln1068_56_fu_2740_p2  |      icmp|   0|  0|  29|          64|          64|
    |icmp_ln1068_57_fu_2773_p2  |      icmp|   0|  0|  29|          64|          64|
    |icmp_ln1068_58_fu_2806_p2  |      icmp|   0|  0|  29|          64|          64|
    |icmp_ln1068_59_fu_2839_p2  |      icmp|   0|  0|  29|          64|          64|
    |icmp_ln1068_60_fu_2872_p2  |      icmp|   0|  0|  29|          64|          64|
    |icmp_ln1068_61_fu_2900_p2  |      icmp|   0|  0|  29|          64|          64|
    |icmp_ln1072_fu_2936_p2     |      icmp|   0|  0|  29|          64|          64|
    |icmp_ln251_fu_1894_p2      |      icmp|   0|  0|  10|           6|           6|
    |icmp_ln252_fu_1900_p2      |      icmp|   0|  0|  10|           6|           6|
    |icmp_ln258_10_fu_2235_p2   |      icmp|   0|  0|  10|           6|           1|
    |icmp_ln258_11_fu_2268_p2   |      icmp|   0|  0|  10|           6|           1|
    |icmp_ln258_12_fu_2301_p2   |      icmp|   0|  0|  10|           6|           1|
    |icmp_ln258_13_fu_2334_p2   |      icmp|   0|  0|  10|           6|           1|
    |icmp_ln258_14_fu_2367_p2   |      icmp|   0|  0|  10|           6|           1|
    |icmp_ln258_15_fu_2400_p2   |      icmp|   0|  0|  10|           6|           1|
    |icmp_ln258_16_fu_2427_p2   |      icmp|   0|  0|   9|           5|           1|
    |icmp_ln258_17_fu_2460_p2   |      icmp|   0|  0|  10|           6|           1|
    |icmp_ln258_18_fu_2493_p2   |      icmp|   0|  0|  10|           6|           1|
    |icmp_ln258_19_fu_2526_p2   |      icmp|   0|  0|  10|           6|           1|
    |icmp_ln258_1_fu_1938_p2    |      icmp|   0|  0|  10|           6|           1|
    |icmp_ln258_20_fu_2559_p2   |      icmp|   0|  0|  10|           6|           1|
    |icmp_ln258_21_fu_2592_p2   |      icmp|   0|  0|  10|           6|           1|
    |icmp_ln258_22_fu_2625_p2   |      icmp|   0|  0|  10|           6|           1|
    |icmp_ln258_23_fu_2658_p2   |      icmp|   0|  0|  10|           6|           1|
    |icmp_ln258_24_fu_2691_p2   |      icmp|   0|  0|  10|           6|           1|
    |icmp_ln258_25_fu_2724_p2   |      icmp|   0|  0|  10|           6|           1|
    |icmp_ln258_26_fu_2757_p2   |      icmp|   0|  0|  10|           6|           1|
    |icmp_ln258_27_fu_2790_p2   |      icmp|   0|  0|  10|           6|           1|
    |icmp_ln258_28_fu_2823_p2   |      icmp|   0|  0|  10|           6|           1|
    |icmp_ln258_29_fu_2856_p2   |      icmp|   0|  0|  10|           6|           1|
    |icmp_ln258_2_fu_1971_p2    |      icmp|   0|  0|  10|           6|           1|
    |icmp_ln258_30_fu_2884_p2   |      icmp|   0|  0|  10|           6|           1|
    |icmp_ln258_3_fu_2004_p2    |      icmp|   0|  0|  10|           6|           1|
    |icmp_ln258_4_fu_2037_p2    |      icmp|   0|  0|  10|           6|           1|
    |icmp_ln258_5_fu_2070_p2    |      icmp|   0|  0|  10|           6|           1|
    |icmp_ln258_6_fu_2103_p2    |      icmp|   0|  0|  10|           6|           1|
    |icmp_ln258_7_fu_2136_p2    |      icmp|   0|  0|  10|           6|           1|
    |icmp_ln258_8_fu_2169_p2    |      icmp|   0|  0|  10|           6|           1|
    |icmp_ln258_9_fu_2202_p2    |      icmp|   0|  0|  10|           6|           1|
    |icmp_ln258_fu_1911_p2      |      icmp|   0|  0|   9|           5|           1|
    |n_32_fu_2911_p3            |    select|   0|  0|   5|           1|           5|
    |select_ln78_fu_1887_p3     |    select|   0|  0|   2|           1|           1|
    |xor_ln258_fu_2395_p2       |       xor|   0|  0|   6|           5|           6|
    +---------------------------+----------+----+---+----+------------+------------+
    |Total                      |          |   0|  0|2094|        2639|        2369|
    +---------------------------+----------+----+---+----+------------+------------+

    * Multiplexer: 
    +------------------------------------+-----+-----------+-----+-----------+
    |                Name                | LUT | Input Size| Bits| Total Bits|
    +------------------------------------+-----+-----------+-----+-----------+
    |ap_NS_fsm                           |  901|        169|    1|        169|
    |ap_phi_mux_retval_0_phi_fu_1867_p4  |    9|          2|    1|          2|
    |ap_return                           |    9|          2|    1|          2|
    |m_reg_1415                          |  142|         32|    6|        192|
    |n_1194_reg_1676                     |  113|         23|    5|        115|
    |n_15159_reg_1844                    |    9|          2|    5|         10|
    |n_1_ph_reg_1728                     |   48|          9|    5|         45|
    |n_reg_1549                          |  138|         31|    6|        186|
    |retval_0_reg_1864                   |    9|          2|    1|          2|
    |u_address0                          |  281|         65|    5|        325|
    |v_address0                          |  273|         64|    5|        320|
    +------------------------------------+-----+-----------+-----+-----------+
    |Total                               | 1932|        401|   41|       1368|
    +------------------------------------+-----+-----------+-----+-----------+

    * Register: 
    +-------------------------+-----+----+-----+-----------+
    |           Name          |  FF | LUT| Bits| Const Bits|
    +-------------------------+-----+----+-----+-----------+
    |add_ln258_10_reg_3834    |    5|   0|    5|          0|
    |add_ln258_11_reg_3856    |    5|   0|    5|          0|
    |add_ln258_12_reg_3878    |    5|   0|    5|          0|
    |add_ln258_13_reg_3900    |    5|   0|    5|          0|
    |add_ln258_15_reg_3966    |    5|   0|    5|          0|
    |add_ln258_16_reg_3988    |    5|   0|    5|          0|
    |add_ln258_17_reg_4010    |    5|   0|    5|          0|
    |add_ln258_18_reg_4032    |    5|   0|    5|          0|
    |add_ln258_19_reg_4054    |    5|   0|    5|          0|
    |add_ln258_1_reg_3636     |    5|   0|    5|          0|
    |add_ln258_20_reg_4076    |    5|   0|    5|          0|
    |add_ln258_21_reg_4098    |    5|   0|    5|          0|
    |add_ln258_22_reg_4120    |    5|   0|    5|          0|
    |add_ln258_23_reg_4142    |    5|   0|    5|          0|
    |add_ln258_24_reg_4164    |    5|   0|    5|          0|
    |add_ln258_25_reg_4186    |    5|   0|    5|          0|
    |add_ln258_26_reg_4208    |    5|   0|    5|          0|
    |add_ln258_27_reg_4230    |    5|   0|    5|          0|
    |add_ln258_2_reg_3658     |    5|   0|    5|          0|
    |add_ln258_3_reg_3680     |    5|   0|    5|          0|
    |add_ln258_4_reg_3702     |    5|   0|    5|          0|
    |add_ln258_5_reg_3724     |    5|   0|    5|          0|
    |add_ln258_6_reg_3746     |    5|   0|    5|          0|
    |add_ln258_7_reg_3768     |    5|   0|    5|          0|
    |add_ln258_8_reg_3790     |    5|   0|    5|          0|
    |add_ln258_9_reg_3812     |    5|   0|    5|          0|
    |add_ln258_reg_3614       |    5|   0|    5|          0|
    |ap_CS_fsm                |  168|   0|  168|          0|
    |ap_return_preg           |    1|   0|    1|          0|
    |icmp_ln1068_10_reg_3398  |    1|   0|    1|          0|
    |icmp_ln1068_11_reg_3407  |    1|   0|    1|          0|
    |icmp_ln1068_12_reg_3416  |    1|   0|    1|          0|
    |icmp_ln1068_13_reg_3425  |    1|   0|    1|          0|
    |icmp_ln1068_14_reg_3434  |    1|   0|    1|          0|
    |icmp_ln1068_15_reg_3443  |    1|   0|    1|          0|
    |icmp_ln1068_16_reg_3452  |    1|   0|    1|          0|
    |icmp_ln1068_17_reg_3461  |    1|   0|    1|          0|
    |icmp_ln1068_18_reg_3470  |    1|   0|    1|          0|
    |icmp_ln1068_19_reg_3479  |    1|   0|    1|          0|
    |icmp_ln1068_1_reg_3317   |    1|   0|    1|          0|
    |icmp_ln1068_20_reg_3488  |    1|   0|    1|          0|
    |icmp_ln1068_21_reg_3497  |    1|   0|    1|          0|
    |icmp_ln1068_22_reg_3506  |    1|   0|    1|          0|
    |icmp_ln1068_23_reg_3515  |    1|   0|    1|          0|
    |icmp_ln1068_24_reg_3524  |    1|   0|    1|          0|
    |icmp_ln1068_25_reg_3533  |    1|   0|    1|          0|
    |icmp_ln1068_26_reg_3542  |    1|   0|    1|          0|
    |icmp_ln1068_27_reg_3551  |    1|   0|    1|          0|
    |icmp_ln1068_28_reg_3560  |    1|   0|    1|          0|
    |icmp_ln1068_29_reg_3569  |    1|   0|    1|          0|
    |icmp_ln1068_2_reg_3326   |    1|   0|    1|          0|
    |icmp_ln1068_30_reg_3578  |    1|   0|    1|          0|
    |icmp_ln1068_31_reg_3610  |    1|   0|    1|          0|
    |icmp_ln1068_32_reg_3632  |    1|   0|    1|          0|
    |icmp_ln1068_33_reg_3654  |    1|   0|    1|          0|
    |icmp_ln1068_34_reg_3676  |    1|   0|    1|          0|
    |icmp_ln1068_35_reg_3698  |    1|   0|    1|          0|
    |icmp_ln1068_36_reg_3720  |    1|   0|    1|          0|
    |icmp_ln1068_37_reg_3742  |    1|   0|    1|          0|
    |icmp_ln1068_38_reg_3764  |    1|   0|    1|          0|
    |icmp_ln1068_39_reg_3786  |    1|   0|    1|          0|
    |icmp_ln1068_3_reg_3335   |    1|   0|    1|          0|
    |icmp_ln1068_40_reg_3808  |    1|   0|    1|          0|
    |icmp_ln1068_41_reg_3830  |    1|   0|    1|          0|
    |icmp_ln1068_42_reg_3852  |    1|   0|    1|          0|
    |icmp_ln1068_43_reg_3874  |    1|   0|    1|          0|
    |icmp_ln1068_44_reg_3896  |    1|   0|    1|          0|
    |icmp_ln1068_45_reg_3918  |    1|   0|    1|          0|
    |icmp_ln1068_46_reg_3940  |    1|   0|    1|          0|
    |icmp_ln1068_47_reg_3962  |    1|   0|    1|          0|
    |icmp_ln1068_48_reg_3984  |    1|   0|    1|          0|
    |icmp_ln1068_49_reg_4006  |    1|   0|    1|          0|
    |icmp_ln1068_4_reg_3344   |    1|   0|    1|          0|
    |icmp_ln1068_50_reg_4028  |    1|   0|    1|          0|
    |icmp_ln1068_51_reg_4050  |    1|   0|    1|          0|
    |icmp_ln1068_52_reg_4072  |    1|   0|    1|          0|
    |icmp_ln1068_53_reg_4094  |    1|   0|    1|          0|
    |icmp_ln1068_54_reg_4116  |    1|   0|    1|          0|
    |icmp_ln1068_55_reg_4138  |    1|   0|    1|          0|
    |icmp_ln1068_56_reg_4160  |    1|   0|    1|          0|
    |icmp_ln1068_57_reg_4182  |    1|   0|    1|          0|
    |icmp_ln1068_58_reg_4204  |    1|   0|    1|          0|
    |icmp_ln1068_59_reg_4226  |    1|   0|    1|          0|
    |icmp_ln1068_5_reg_3353   |    1|   0|    1|          0|
    |icmp_ln1068_60_reg_4248  |    1|   0|    1|          0|
    |icmp_ln1068_61_reg_4265  |    1|   0|    1|          0|
    |icmp_ln1068_6_reg_3362   |    1|   0|    1|          0|
    |icmp_ln1068_7_reg_3371   |    1|   0|    1|          0|
    |icmp_ln1068_8_reg_3380   |    1|   0|    1|          0|
    |icmp_ln1068_9_reg_3389   |    1|   0|    1|          0|
    |icmp_ln1068_reg_3267     |    1|   0|    1|          0|
    |icmp_ln1072_reg_4300     |    1|   0|    1|          0|
    |icmp_ln251_reg_3588      |    1|   0|    1|          0|
    |m_reg_1415               |    6|   0|    6|          0|
    |n_1194_reg_1676          |    5|   0|    5|          0|
    |n_15159_reg_1844         |    5|   0|    5|          0|
    |n_17_reg_3944            |    5|   0|    5|          0|
    |n_1_ph_reg_1728          |    5|   0|    5|          0|
    |n_1_reg_3597             |    5|   0|    5|          0|
    |n_reg_1549               |    6|   0|    6|          0|
    |p_0_0_04660_reg_1855     |    1|   0|    1|          0|
    |p_0_0_048_reg_1345       |    1|   0|    1|          0|
    |retval_0_reg_1864        |    1|   0|    1|          0|
    |trunc_ln249_reg_3271     |    5|   0|    5|          0|
    |xor_ln258_reg_3922       |    5|   0|    5|          0|
    |zext_ln249_reg_3307      |    1|   0|   64|         63|
    +-------------------------+-----+----+-----+-----------+
    |Total                    |  419|   0|  482|         63|
    +-------------------------+-----+----+-----+-----------+



================================================================
== Interface
================================================================
* Summary: 
+------------+-----+-----+------------+--------------+--------------+
|  RTL Ports | Dir | Bits|  Protocol  | Source Object|    C Type    |
+------------+-----+-----+------------+--------------+--------------+
|ap_clk      |   in|    1|  ap_ctrl_hs|     operator<|  return value|
|ap_rst      |   in|    1|  ap_ctrl_hs|     operator<|  return value|
|ap_start    |   in|    1|  ap_ctrl_hs|     operator<|  return value|
|ap_done     |  out|    1|  ap_ctrl_hs|     operator<|  return value|
|ap_idle     |  out|    1|  ap_ctrl_hs|     operator<|  return value|
|ap_ready    |  out|    1|  ap_ctrl_hs|     operator<|  return value|
|ap_return   |  out|    1|  ap_ctrl_hs|     operator<|  return value|
|u_address0  |  out|    5|   ap_memory|             u|         array|
|u_ce0       |  out|    1|   ap_memory|             u|         array|
|u_q0        |   in|    1|   ap_memory|             u|         array|
|v_address0  |  out|    5|   ap_memory|             v|         array|
|v_ce0       |  out|    1|   ap_memory|             v|         array|
|v_q0        |   in|   64|   ap_memory|             v|         array|
+------------+-----+-----+------------+--------------+--------------+

