22:03:57 **** Incremental Build of configuration Debug for project testnbm ****
make all 
C:/Users/quang/Downloads/NBM/xilinx/Vitis/2021.2/gnuwin/bin/make --no-print-directory pre-build
a9-linaro-pre-build-step
' '
C:/Users/quang/Downloads/NBM/xilinx/Vitis/2021.2/gnuwin/bin/make --no-print-directory main-build
'Building file: ../src/TRNG.c'
'Invoking: ARM v7 gcc compiler'
arm-none-eabi-gcc -Wall -O0 -g3 -c -fmessage-length=0 -MT"src/TRNG.o" -mcpu=cortex-a9 -mfpu=vfpv3 -mfloat-abi=hard -IC:/Users/quang/Downloads/NBM/test/BTL/export/BTL/sw/BTL/standalone_ps7_cortexa9_0/bspinclude/include -MMD -MP -MF"src/TRNG.d" -MT"src/TRNG.o" -o "src/TRNG.o" "../src/TRNG.c"
In file included from ../src/TRNG.c:1:
../src/TRNG.c: In function 'main':
C:/Users/quang/Downloads/NBM/test/BTL/export/BTL/sw/BTL/standalone_ps7_cortexa9_0/bspinclude/include/xparameters.h:276:30: warning: unsigned conversion from 'int' to 'u16' {aka 'short unsigned int'} changes value from '1092616192' to '0' [-Woverflow]
  276 | #define XPAR_GPIO_0_BASEADDR 0x41200000
      |                              ^~~~~~~~~~
../src/TRNG.c:14:39: note: in expansion of macro 'XPAR_GPIO_0_BASEADDR'
   14 |      status = XGpio_Initialize(&Gpio, XPAR_GPIO_0_BASEADDR);
      |                                       ^~~~~~~~~~~~~~~~~~~~
'Finished building: ../src/TRNG.c'
' '
'Building target: testnbm.elf'
'Invoking: ARM v7 gcc linker'
arm-none-eabi-gcc -mcpu=cortex-a9 -mfpu=vfpv3 -mfloat-abi=hard -Wl,-build-id=none -specs=Xilinx.spec -Wl,-T -Wl,../src/lscript.ld -LC:/Users/quang/Downloads/NBM/test/BTL/export/BTL/sw/BTL/standalone_ps7_cortexa9_0/bsplib/lib -o "testnbm.elf"  ./src/TRNG.o   -Wl,--start-group,-lxil,-lgcc,-lc,--end-group
'Finished building target: testnbm.elf'
' '
'Invoking: ARM v7 Print Size'
arm-none-eabi-size testnbm.elf  |tee "testnbm.elf.size"
   text	   data	    bss	    dec	    hex	filename
  23104	   1160	  22584	  46848	   b700	testnbm.elf
'Finished building: testnbm.elf.size'
' '

22:03:58 Build Finished (took 1s.219ms)

