Duplicated file found; will not be sent for synthesis: d:/Study/Tai_lieu/Nhung_bao_mat/Final/Code/Test2/zedboard_project/vivado-essentials/vivado_system/ipshared/b752/hdl/generic_baseblocks_v2_1_vl_rfs.v
Duplicated file found; will not be sent for synthesis: d:/Study/Tai_lieu/Nhung_bao_mat/Final/Code/Test2/zedboard_project/vivado-essentials/vivado_system/ipshared/25a8/hdl/blk_mem_gen_v8_4_vhsyn_rfs.vhd
Duplicated file found; will not be sent for synthesis: d:/Study/Tai_lieu/Nhung_bao_mat/Final/Code/Test2/zedboard_project/vivado-essentials/vivado_system/ipshared/8ae1/hdl/fifo_generator_v13_2_vhsyn_rfs.vhd
Duplicated file found; will not be sent for synthesis: d:/Study/Tai_lieu/Nhung_bao_mat/Final/Code/Test2/zedboard_project/vivado-essentials/vivado_system/ipshared/fa53/hdl/axi_data_fifo_v2_1_vl_rfs.v
Duplicated file found; will not be sent for synthesis: d:/Study/Tai_lieu/Nhung_bao_mat/Final/Code/Test2/zedboard_project/vivado-essentials/vivado_system/ipshared/ec67/hdl/axi_infrastructure_v1_1_0.vh
Duplicated file found; will not be sent for synthesis: d:/Study/Tai_lieu/Nhung_bao_mat/Final/Code/Test2/zedboard_project/vivado-essentials/vivado_system/ipshared/ec67/hdl/axi_infrastructure_v1_1_vl_rfs.v
Duplicated file found; will not be sent for synthesis: d:/Study/Tai_lieu/Nhung_bao_mat/Final/Code/Test2/zedboard_project/vivado-essentials/vivado_system/ipshared/e1e6/hdl/axi_register_slice_v2_1_vl_rfs.v
Duplicated file found; will not be sent for synthesis: d:/Study/Tai_lieu/Nhung_bao_mat/Final/Code/Test2/zedboard_project/vivado-essentials/vivado_system/ipshared/b752/hdl/generic_baseblocks_v2_1_vl_rfs.v
Duplicated file found; will not be sent for synthesis: d:/Study/Tai_lieu/Nhung_bao_mat/Final/Code/Test2/zedboard_project/vivado-essentials/vivado_system/ipshared/25a8/hdl/blk_mem_gen_v8_4_vhsyn_rfs.vhd
Duplicated file found; will not be sent for synthesis: d:/Study/Tai_lieu/Nhung_bao_mat/Final/Code/Test2/zedboard_project/vivado-essentials/vivado_system/ipshared/8ae1/hdl/fifo_generator_v13_2_vhsyn_rfs.vhd
Duplicated file found; will not be sent for synthesis: d:/Study/Tai_lieu/Nhung_bao_mat/Final/Code/Test2/zedboard_project/vivado-essentials/vivado_system/ipshared/fa53/hdl/axi_data_fifo_v2_1_vl_rfs.v
Duplicated file found; will not be sent for synthesis: d:/Study/Tai_lieu/Nhung_bao_mat/Final/Code/Test2/zedboard_project/vivado-essentials/vivado_system/ipshared/ec67/hdl/axi_infrastructure_v1_1_0.vh
Duplicated file found; will not be sent for synthesis: d:/Study/Tai_lieu/Nhung_bao_mat/Final/Code/Test2/zedboard_project/vivado-essentials/vivado_system/ipshared/ec67/hdl/axi_infrastructure_v1_1_vl_rfs.v
Duplicated file found; will not be sent for synthesis: d:/Study/Tai_lieu/Nhung_bao_mat/Final/Code/Test2/zedboard_project/vivado-essentials/vivado_system/ipshared/e1e6/hdl/axi_register_slice_v2_1_vl_rfs.v
Duplicated file found; will not be sent for synthesis: d:/Study/Tai_lieu/Nhung_bao_mat/Final/Code/Test2/zedboard_project/vivado-essentials/vivado_system/ipshared/8fe4/hdl/axi_protocol_converter_v2_1_vl_rfs.v
Duplicated file found; will not be sent for synthesis: d:/Study/Tai_lieu/Nhung_bao_mat/Final/Code/Test2/zedboard_project/vivado-essentials/vivado_system/ipshared/b752/hdl/generic_baseblocks_v2_1_vl_rfs.v
Duplicated file found; will not be sent for synthesis: d:/Study/Tai_lieu/Nhung_bao_mat/Final/Code/Test2/zedboard_project/vivado-essentials/vivado_system/ipshared/25a8/hdl/blk_mem_gen_v8_4_vhsyn_rfs.vhd
Duplicated file found; will not be sent for synthesis: d:/Study/Tai_lieu/Nhung_bao_mat/Final/Code/Test2/zedboard_project/vivado-essentials/vivado_system/ipshared/8ae1/hdl/fifo_generator_v13_2_vhsyn_rfs.vhd
Duplicated file found; will not be sent for synthesis: d:/Study/Tai_lieu/Nhung_bao_mat/Final/Code/Test2/zedboard_project/vivado-essentials/vivado_system/ipshared/fa53/hdl/axi_data_fifo_v2_1_vl_rfs.v
Duplicated file found; will not be sent for synthesis: d:/Study/Tai_lieu/Nhung_bao_mat/Final/Code/Test2/zedboard_project/vivado-essentials/vivado_system/ipshared/ec67/hdl/axi_infrastructure_v1_1_0.vh
Duplicated file found; will not be sent for synthesis: d:/Study/Tai_lieu/Nhung_bao_mat/Final/Code/Test2/zedboard_project/vivado-essentials/vivado_system/ipshared/ec67/hdl/axi_infrastructure_v1_1_vl_rfs.v
Duplicated file found; will not be sent for synthesis: d:/Study/Tai_lieu/Nhung_bao_mat/Final/Code/Test2/zedboard_project/vivado-essentials/vivado_system/ipshared/e1e6/hdl/axi_register_slice_v2_1_vl_rfs.v
Duplicated file found; will not be sent for synthesis: d:/Study/Tai_lieu/Nhung_bao_mat/Final/Code/Test2/zedboard_project/vivado-essentials/vivado_system/ipshared/8fe4/hdl/axi_protocol_converter_v2_1_vl_rfs.v
Duplicated file found; will not be sent for synthesis: d:/Study/Tai_lieu/Nhung_bao_mat/Final/Code/Test2/zedboard_project/vivado-essentials/vivado_system/ipshared/b752/hdl/generic_baseblocks_v2_1_vl_rfs.v
Duplicated file found; will not be sent for synthesis: d:/Study/Tai_lieu/Nhung_bao_mat/Final/Code/Test2/zedboard_project/vivado-essentials/vivado_system/ipshared/25a8/hdl/blk_mem_gen_v8_4_vhsyn_rfs.vhd
Duplicated file found; will not be sent for synthesis: d:/Study/Tai_lieu/Nhung_bao_mat/Final/Code/Test2/zedboard_project/vivado-essentials/vivado_system/ipshared/8ae1/hdl/fifo_generator_v13_2_vhsyn_rfs.vhd
Duplicated file found; will not be sent for synthesis: d:/Study/Tai_lieu/Nhung_bao_mat/Final/Code/Test2/zedboard_project/vivado-essentials/vivado_system/ipshared/fa53/hdl/axi_data_fifo_v2_1_vl_rfs.v
Duplicated file found; will not be sent for synthesis: d:/Study/Tai_lieu/Nhung_bao_mat/Final/Code/Test2/zedboard_project/vivado-essentials/vivado_system/ipshared/ec67/hdl/axi_infrastructure_v1_1_0.vh
Duplicated file found; will not be sent for synthesis: d:/Study/Tai_lieu/Nhung_bao_mat/Final/Code/Test2/zedboard_project/vivado-essentials/vivado_system/ipshared/ec67/hdl/axi_infrastructure_v1_1_vl_rfs.v
Duplicated file found; will not be sent for synthesis: d:/Study/Tai_lieu/Nhung_bao_mat/Final/Code/Test2/zedboard_project/vivado-essentials/vivado_system/ipshared/e1e6/hdl/axi_register_slice_v2_1_vl_rfs.v
Duplicated file found; will not be sent for synthesis: d:/Study/Tai_lieu/Nhung_bao_mat/Final/Code/Test2/zedboard_project/vivado-essentials/vivado_system/ipshared/8fe4/hdl/axi_protocol_converter_v2_1_vl_rfs.v
CRC performance measure: elapsed=00:00:00.003s;;memory_peak=2044.441MB;;memory_gain=0.000MB
